// Jest Snapshot v1, https://goo.gl/fbAQLP

exports[`Button Component should match snapshot 1`] = `
<View
  accessible={true}
  isTVSelectable={true}
  onResponderGrant={[Function]}
  onResponderMove={[Function]}
  onResponderRelease={[Function]}
  onResponderTerminate={[Function]}
  onResponderTerminationRequest={[Function]}
  onStartShouldSetResponder={[Function]}
  style={
    Object {
      "alignSelf": "center",
      "backgroundColor": "#007aff",
      "borderRadius": 5,
      "margin": 10,
      "opacity": 1,
      "width": "90%",
    }
  }
>
  <Text
    style={
      Object {
        "alignSelf": "center",
        "color": "#fff",
        "fontSize": 19,
        "fontWeight": "600",
        "paddingBottom": 12,
        "paddingTop": 12,
      }
    }
  />
</View>
`;
