// Jest Snapshot v1, https://goo.gl/fbAQLP

exports[`Message Component should match snapshot 1`] = `
<RNGestureHandlerButton
  collapsable={false}
  onGestureEvent={[Function]}
  onGestureHandlerEvent={[Function]}
  onGestureHandlerStateChange={[Function]}
  onHandlerStateChange={[Function]}
  rippleColor={0}
  style={
    Array [
      Object {
        "overflow": "hidden",
      },
      undefined,
    ]
  }
>
  <View
    accessible={true}
  >
    <View
      style={
        Object {
          "alignContent": "center",
          "borderColor": "#f3f3f3",
          "borderTopWidth": 1,
          "flexDirection": "row",
          "justifyContent": "flex-start",
          "paddingBottom": 13,
          "paddingTop": 13,
        }
      }
    >
      <View
        style={
          Object {
            "borderColor": "#a7a7a7",
            "borderRadius": 100,
            "borderWidth": 1,
            "height": 35,
            "justifyContent": "center",
            "marginRight": 15,
            "marginTop": 1,
            "width": 35,
          }
        }
      >
        <Text
          style={
            Object {
              "color": "#a7a7a7",
              "fontSize": 20,
              "textAlign": "center",
            }
          }
        >
          MOCKUSER
        </Text>
      </View>
      <View
        style={
          Object {
            "width": "100%",
          }
        }
      >
        <View
          style={
            Object {
              "alignItems": "flex-end",
              "flexDirection": "row",
              "justifyContent": "flex-start",
            }
          }
        >
          <Text
            style={
              Object {
                "color": "#323232",
                "fontSize": 16,
                "fontWeight": "500",
              }
            }
          >
            mockUser
          </Text>
          <Text
            style={
              Object {
                "color": "#a7a7a7",
                "fontWeight": "300",
                "marginLeft": 10,
              }
            }
          >
            NaN days ago
          </Text>
        </View>
        <View
          style={
            Object {
              "width": "85%",
            }
          }
        />
      </View>
    </View>
  </View>
</RNGestureHandlerButton>
`;
