// Jest Snapshot v1, https://goo.gl/fbAQLP

exports[`Nav Component should match snapshot 1`] = `
<View
  style={
    Object {
      "color": "white",
      "flex": 1,
      "marginTop": 5,
    }
  }
>
  <View
    style={
      Object {
        "marginTop": 10,
      }
    }
  >
    <View
      accessible={true}
      isTVSelectable={true}
      onResponderGrant={[Function]}
      onResponderMove={[Function]}
      onResponderRelease={[Function]}
      onResponderTerminate={[Function]}
      onResponderTerminationRequest={[Function]}
      onStartShouldSetResponder={[Function]}
      style={null}
    >
      <Text />
    </View>
  </View>
  <View
    accessible={true}
    isTVSelectable={true}
    onResponderGrant={[Function]}
    onResponderMove={[Function]}
    onResponderRelease={[Function]}
    onResponderTerminate={[Function]}
    onResponderTerminationRequest={[Function]}
    onStartShouldSetResponder={[Function]}
    style={null}
  >
    <Text
      style={
        Object {
          "color": "#E8EAEF",
          "fontSize": 20,
          "padding": 10,
          "textAlign": "left",
          "width": "100%",
        }
      }
    >
      splash
    </Text>
  </View>
  <View
    accessible={true}
    isTVSelectable={true}
    onResponderGrant={[Function]}
    onResponderMove={[Function]}
    onResponderRelease={[Function]}
    onResponderTerminate={[Function]}
    onResponderTerminationRequest={[Function]}
    onStartShouldSetResponder={[Function]}
    style={null}
  >
    <Text
      Text={true}
      style={
        Object {
          "color": "#E8EAEF",
          "fontSize": 20,
          "padding": 10,
          "textAlign": "left",
          "width": "100%",
        }
      }
    >
      login
    </Text>
  </View>
  <View
    accessible={true}
    isTVSelectable={true}
    onResponderGrant={[Function]}
    onResponderMove={[Function]}
    onResponderRelease={[Function]}
    onResponderTerminate={[Function]}
    onResponderTerminationRequest={[Function]}
    onStartShouldSetResponder={[Function]}
    style={null}
  >
    <Text
      Text={true}
      style={
        Object {
          "color": "#E8EAEF",
          "fontSize": 20,
          "padding": 10,
          "textAlign": "left",
          "width": "100%",
        }
      }
    >
      signup
    </Text>
  </View>
  <View
    accessible={true}
    isTVSelectable={true}
    onResponderGrant={[Function]}
    onResponderMove={[Function]}
    onResponderRelease={[Function]}
    onResponderTerminate={[Function]}
    onResponderTerminationRequest={[Function]}
    onStartShouldSetResponder={[Function]}
    style={null}
  >
    <Text
      Text={true}
      style={
        Object {
          "color": "#E8EAEF",
          "fontSize": 20,
          "padding": 10,
          "textAlign": "left",
          "width": "100%",
        }
      }
    >
      home
    </Text>
  </View>
  <View
    accessible={true}
    isTVSelectable={true}
    onResponderGrant={[Function]}
    onResponderMove={[Function]}
    onResponderRelease={[Function]}
    onResponderTerminate={[Function]}
    onResponderTerminationRequest={[Function]}
    onStartShouldSetResponder={[Function]}
    style={null}
  >
    <Text
      Text={true}
      style={
        Object {
          "color": "#E8EAEF",
          "fontSize": 20,
          "padding": 10,
          "textAlign": "left",
          "width": "100%",
        }
      }
    >
      chatroom french
    </Text>
  </View>
  <View
    accessible={true}
    isTVSelectable={true}
    onResponderGrant={[Function]}
    onResponderMove={[Function]}
    onResponderRelease={[Function]}
    onResponderTerminate={[Function]}
    onResponderTerminationRequest={[Function]}
    onStartShouldSetResponder={[Function]}
    style={null}
  >
    <Text
      Text={true}
      style={
        Object {
          "color": "#E8EAEF",
          "fontSize": 20,
          "padding": 10,
          "textAlign": "left",
          "width": "100%",
        }
      }
    >
      chatroom spanish
    </Text>
  </View>
  <View
    accessible={true}
    isTVSelectable={true}
    onResponderGrant={[Function]}
    onResponderMove={[Function]}
    onResponderRelease={[Function]}
    onResponderTerminate={[Function]}
    onResponderTerminationRequest={[Function]}
    onStartShouldSetResponder={[Function]}
    style={null}
  >
    <Text
      Text={true}
      style={
        Object {
          "color": "#E8EAEF",
          "fontSize": 20,
          "padding": 10,
          "textAlign": "left",
          "width": "100%",
        }
      }
    >
      tutorial
    </Text>
  </View>
  <View
    accessible={true}
    isTVSelectable={true}
    onResponderGrant={[Function]}
    onResponderMove={[Function]}
    onResponderRelease={[Function]}
    onResponderTerminate={[Function]}
    onResponderTerminationRequest={[Function]}
    onStartShouldSetResponder={[Function]}
    style={null}
  >
    <Text
      Text={true}
      style={
        Object {
          "color": "#E8EAEF",
          "fontSize": 20,
          "padding": 10,
          "textAlign": "left",
          "width": "100%",
        }
      }
    >
      tutorial
    </Text>
  </View>
</View>
`;
