// Jest Snapshot v1, https://goo.gl/fbAQLP

exports[`SignUpForm Component should match snapshot 1`] = `
<View
  style={
    Object {
      "backgroundColor": "#323232",
      "elevation": 1,
      "flex": 1,
      "paddingTop": 50,
      "position": "relative",
      "shadowColor": "#000",
      "shadowOffset": Object {
        "height": 2,
        "width": 0,
      },
      "shadowOpacity": 0.1,
      "shadowRadius": 2,
      "width": "100%",
    }
  }
>
  <Text />
  <Text
    style={
      Object {
        "color": "white",
        "fontSize": 50,
        "fontWeight": "bold",
        "margin": 40,
        "textAlign": "center",
        "textTransform": "uppercase",
      }
    }
  >
    Sign Up
  </Text>
  <View
    style={
      Object {
        "alignSelf": "center",
        "backgroundColor": "#fff",
        "borderRadius": 5,
        "flexDirection": "column",
        "margin": 10,
        "width": "90%",
      }
    }
  >
    <View
      style={
        Object {
          "alignItems": "center",
          "flexDirection": "row",
          "height": 50,
          "width": "90%",
        }
      }
    >
      <Text
        style={
          Object {
            "fontSize": 18,
            "paddingLeft": 10,
            "paddingRight": 10,
          }
        }
      >
        <Text />
      </Text>
      <TextInput
        allowFontScaling={true}
        autoCorrect={false}
        onChangeText={[Function]}
        placeholder="First Name"
        rejectResponderTermination={true}
        style={
          Object {
            "color": "#000",
            "fontSize": 18,
            "height": "100%",
            "lineHeight": 23,
            "margin": "auto",
            "paddingLeft": 5,
            "paddingRight": 5,
            "width": "95%",
          }
        }
        underlineColorAndroid="transparent"
      />
    </View>
  </View>
  <View
    style={
      Object {
        "alignSelf": "center",
        "backgroundColor": "#fff",
        "borderRadius": 5,
        "flexDirection": "column",
        "margin": 10,
        "width": "90%",
      }
    }
  >
    <View
      style={
        Object {
          "alignItems": "center",
          "flexDirection": "row",
          "height": 50,
          "width": "90%",
        }
      }
    >
      <Text
        style={
          Object {
            "fontSize": 18,
            "paddingLeft": 10,
            "paddingRight": 10,
          }
        }
      >
        <Text />
      </Text>
      <TextInput
        allowFontScaling={true}
        autoCorrect={false}
        onChangeText={[Function]}
        placeholder="Last Name"
        rejectResponderTermination={true}
        style={
          Object {
            "color": "#000",
            "fontSize": 18,
            "height": "100%",
            "lineHeight": 23,
            "margin": "auto",
            "paddingLeft": 5,
            "paddingRight": 5,
            "width": "95%",
          }
        }
        underlineColorAndroid="transparent"
      />
    </View>
  </View>
  <View
    style={
      Object {
        "alignSelf": "center",
        "backgroundColor": "#fff",
        "borderRadius": 5,
        "flexDirection": "column",
        "margin": 10,
        "width": "90%",
      }
    }
  >
    <View
      style={
        Object {
          "alignItems": "center",
          "flexDirection": "row",
          "height": 50,
          "width": "90%",
        }
      }
    >
      <Text
        style={
          Object {
            "fontSize": 18,
            "paddingLeft": 10,
            "paddingRight": 10,
          }
        }
      >
        <Text />
      </Text>
      <TextInput
        allowFontScaling={true}
        autoCorrect={false}
        onChangeText={[Function]}
        placeholder="Username"
        rejectResponderTermination={true}
        style={
          Object {
            "color": "#000",
            "fontSize": 18,
            "height": "100%",
            "lineHeight": 23,
            "margin": "auto",
            "paddingLeft": 5,
            "paddingRight": 5,
            "width": "95%",
          }
        }
        underlineColorAndroid="transparent"
      />
    </View>
  </View>
  <View
    accessible={true}
    isTVSelectable={true}
    onResponderGrant={[Function]}
    onResponderMove={[Function]}
    onResponderRelease={[Function]}
    onResponderTerminate={[Function]}
    onResponderTerminationRequest={[Function]}
    onStartShouldSetResponder={[Function]}
    style={
      Object {
        "alignSelf": "center",
        "backgroundColor": "#007aff",
        "borderRadius": 5,
        "margin": 10,
        "opacity": 1,
        "width": "90%",
      }
    }
  >
    <Text
      style={
        Object {
          "alignSelf": "center",
          "color": "#fff",
          "fontSize": 19,
          "fontWeight": "600",
          "paddingBottom": 12,
          "paddingTop": 12,
        }
      }
    >
      Next
    </Text>
  </View>
</View>
`;
